// Jest Snapshot v1, https://goo.gl/fbAQLP

exports[`should render without crashing 1`] = `
<Switch>
  <Route
    exact={true}
    path="/"
    render={[Function]}
  />
  <Route
    path="/edit/:id"
    render={[Function]}
  />
</Switch>
`;
